// Jest Snapshot v1, https://goo.gl/fbAQLP

exports[`Render Cardlist component 1`] = `ShallowWrapper {}`;
