// Jest Snapshot v1, https://goo.gl/fbAQLP

exports[`Render Counterbutton component 1`] = `ShallowWrapper {}`;
