// Jest Snapshot v1, https://goo.gl/fbAQLP

exports[`Renders mainpage 1`] = `ShallowWrapper {}`;
