// Jest Snapshot v1, https://goo.gl/fbAQLP

exports[`Main Page tests renders MainPage 1`] = `ShallowWrapper {}`;
